[0.106s] DEBUG:colcon:Command line arguments: ['/usr/bin/colcon', 'build', '--symlink-install', '--cmake-clean-cache']
[0.107s] DEBUG:colcon:Parsed command line arguments: Namespace(log_base=None, log_level=None, verb_name='build', build_base='build', install_base='install', merge_install=False, symlink_install=True, test_result_base=None, continue_on_error=False, executor='parallel', parallel_workers=10, event_handlers=None, ignore_user_meta=False, metas=['./colcon.meta'], base_paths=['.'], packages_ignore=None, packages_ignore_regex=None, paths=None, packages_up_to=None, packages_up_to_regex=None, packages_above=None, packages_above_and_dependencies=None, packages_above_depth=None, packages_select_by_dep=None, packages_skip_by_dep=None, packages_skip_up_to=None, packages_select_build_failed=False, packages_skip_build_finished=False, packages_select_test_failures=False, packages_skip_test_passed=False, packages_select=None, packages_skip=None, packages_select_regex=None, packages_skip_regex=None, packages_start=None, packages_end=None, cmake_args=None, cmake_target=None, cmake_target_skip_unavailable=False, cmake_clean_cache=True, cmake_clean_first=False, cmake_force_configure=False, ament_cmake_args=None, catkin_cmake_args=None, catkin_skip_building_tests=False, mixin_files=None, mixin=None, verb_parser=<colcon_mixin.mixin.mixin_argument.MixinArgumentDecorator object at 0x7ffffe1caf60>, verb_extension=<colcon_core.verb.build.BuildVerb object at 0x7ffffe327290>, main=<bound method BuildVerb.main of <colcon_core.verb.build.BuildVerb object at 0x7ffffe327290>>, mixin_verb=('build',))
[0.140s] Level 1:colcon.colcon_core.package_discovery:discover_packages(colcon_meta) check parameters
[0.140s] INFO:colcon.colcon_metadata.package_discovery.colcon_meta:Using configuration from '/root/.colcon/metadata/default/Gazebo.meta'
[0.141s] INFO:colcon.colcon_metadata.package_discovery.colcon_meta:Using configuration from '/root/.colcon/metadata/default/fastdds.meta'
[0.141s] INFO:colcon.colcon_metadata.package_discovery.colcon_meta:Using configuration from '/root/.colcon/metadata/default/fastrtps.meta'
[0.141s] Level 1:colcon.colcon_core.package_discovery:discover_packages(recursive) check parameters
[0.141s] Level 1:colcon.colcon_core.package_discovery:discover_packages(ignore) check parameters
[0.141s] Level 1:colcon.colcon_core.package_discovery:discover_packages(path) check parameters
[0.141s] Level 1:colcon.colcon_core.package_discovery:discover_packages(colcon_meta) discover
[0.141s] Level 1:colcon.colcon_core.package_discovery:discover_packages(recursive) discover
[0.142s] INFO:colcon.colcon_core.package_discovery:Crawling recursively for packages in '/root/ros2_ws/src/ros2_control_demos'
[0.142s] Level 1:colcon.colcon_core.package_identification:_identify(.) by extensions ['ignore', 'ignore_ament_install']
[0.142s] Level 1:colcon.colcon_core.package_identification:_identify(.) by extension 'ignore'
[0.142s] Level 1:colcon.colcon_core.package_identification:_identify(.) by extension 'ignore_ament_install'
[0.143s] Level 1:colcon.colcon_core.package_identification:_identify(.) by extensions ['colcon_pkg']
[0.143s] Level 1:colcon.colcon_core.package_identification:_identify(.) by extension 'colcon_pkg'
[0.143s] Level 1:colcon.colcon_core.package_identification:_identify(.) by extensions ['colcon_meta']
[0.143s] Level 1:colcon.colcon_core.package_identification:_identify(.) by extension 'colcon_meta'
[0.143s] Level 1:colcon.colcon_core.package_identification:_identify(.) by extensions ['ros']
[0.143s] Level 1:colcon.colcon_core.package_identification:_identify(.) by extension 'ros'
[0.169s] Level 1:colcon.colcon_core.package_identification:_identify(.) by extensions ['cmake', 'python']
[0.169s] Level 1:colcon.colcon_core.package_identification:_identify(.) by extension 'cmake'
[0.169s] Level 1:colcon.colcon_core.package_identification:_identify(.) by extension 'python'
[0.169s] Level 1:colcon.colcon_core.package_identification:_identify(.) by extensions ['python_setup_py']
[0.169s] Level 1:colcon.colcon_core.package_identification:_identify(.) by extension 'python_setup_py'
[0.170s] Level 1:colcon.colcon_core.package_identification:_identify(build) by extensions ['ignore', 'ignore_ament_install']
[0.170s] Level 1:colcon.colcon_core.package_identification:_identify(build) by extension 'ignore'
[0.170s] Level 1:colcon.colcon_core.package_identification:_identify(build) ignored
[0.170s] Level 1:colcon.colcon_core.package_identification:_identify(example_7) by extensions ['ignore', 'ignore_ament_install']
[0.171s] Level 1:colcon.colcon_core.package_identification:_identify(example_7) by extension 'ignore'
[0.171s] Level 1:colcon.colcon_core.package_identification:_identify(example_7) by extension 'ignore_ament_install'
[0.171s] Level 1:colcon.colcon_core.package_identification:_identify(example_7) by extensions ['colcon_pkg']
[0.171s] Level 1:colcon.colcon_core.package_identification:_identify(example_7) by extension 'colcon_pkg'
[0.171s] Level 1:colcon.colcon_core.package_identification:_identify(example_7) by extensions ['colcon_meta']
[0.171s] Level 1:colcon.colcon_core.package_identification:_identify(example_7) by extension 'colcon_meta'
[0.171s] Level 1:colcon.colcon_core.package_identification:_identify(example_7) by extensions ['ros']
[0.171s] Level 1:colcon.colcon_core.package_identification:_identify(example_7) by extension 'ros'
[0.177s] DEBUG:colcon.colcon_core.package_identification:Package 'example_7' with type 'ros.ament_cmake' and name 'ros2_control_demo_example_7'
[0.178s] Level 1:colcon.colcon_core.package_identification:_identify(install) by extensions ['ignore', 'ignore_ament_install']
[0.178s] Level 1:colcon.colcon_core.package_identification:_identify(install) by extension 'ignore'
[0.178s] Level 1:colcon.colcon_core.package_identification:_identify(install) ignored
[0.179s] Level 1:colcon.colcon_core.package_identification:_identify(log) by extensions ['ignore', 'ignore_ament_install']
[0.179s] Level 1:colcon.colcon_core.package_identification:_identify(log) by extension 'ignore'
[0.179s] Level 1:colcon.colcon_core.package_identification:_identify(log) ignored
[0.180s] Level 1:colcon.colcon_core.package_identification:_identify(ros2_control_demo_description) by extensions ['ignore', 'ignore_ament_install']
[0.180s] Level 1:colcon.colcon_core.package_identification:_identify(ros2_control_demo_description) by extension 'ignore'
[0.180s] Level 1:colcon.colcon_core.package_identification:_identify(ros2_control_demo_description) by extension 'ignore_ament_install'
[0.180s] Level 1:colcon.colcon_core.package_identification:_identify(ros2_control_demo_description) by extensions ['colcon_pkg']
[0.180s] Level 1:colcon.colcon_core.package_identification:_identify(ros2_control_demo_description) by extension 'colcon_pkg'
[0.180s] Level 1:colcon.colcon_core.package_identification:_identify(ros2_control_demo_description) by extensions ['colcon_meta']
[0.180s] Level 1:colcon.colcon_core.package_identification:_identify(ros2_control_demo_description) by extension 'colcon_meta'
[0.180s] Level 1:colcon.colcon_core.package_identification:_identify(ros2_control_demo_description) by extensions ['ros']
[0.181s] Level 1:colcon.colcon_core.package_identification:_identify(ros2_control_demo_description) by extension 'ros'
[0.182s] DEBUG:colcon.colcon_core.package_identification:Package 'ros2_control_demo_description' with type 'ros.ament_cmake' and name 'ros2_control_demo_description'
[0.183s] Level 1:colcon.colcon_core.package_identification:_identify(ros2_control_demos) by extensions ['ignore', 'ignore_ament_install']
[0.183s] Level 1:colcon.colcon_core.package_identification:_identify(ros2_control_demos) by extension 'ignore'
[0.183s] Level 1:colcon.colcon_core.package_identification:_identify(ros2_control_demos) by extension 'ignore_ament_install'
[0.183s] Level 1:colcon.colcon_core.package_identification:_identify(ros2_control_demos) by extensions ['colcon_pkg']
[0.183s] Level 1:colcon.colcon_core.package_identification:_identify(ros2_control_demos) by extension 'colcon_pkg'
[0.183s] Level 1:colcon.colcon_core.package_identification:_identify(ros2_control_demos) by extensions ['colcon_meta']
[0.184s] Level 1:colcon.colcon_core.package_identification:_identify(ros2_control_demos) by extension 'colcon_meta'
[0.184s] Level 1:colcon.colcon_core.package_identification:_identify(ros2_control_demos) by extensions ['ros']
[0.184s] Level 1:colcon.colcon_core.package_identification:_identify(ros2_control_demos) by extension 'ros'
[0.185s] DEBUG:colcon.colcon_core.package_identification:Package 'ros2_control_demos' with type 'ros.ament_cmake' and name 'ros2_control_demos'
[0.185s] Level 1:colcon.colcon_core.package_discovery:discover_packages(recursive) using defaults
[0.185s] Level 1:colcon.colcon_core.package_discovery:discover_packages(ignore) discover
[0.185s] Level 1:colcon.colcon_core.package_discovery:discover_packages(ignore) using defaults
[0.185s] Level 1:colcon.colcon_core.package_discovery:discover_packages(path) discover
[0.185s] Level 1:colcon.colcon_core.package_discovery:discover_packages(path) using defaults
[0.204s] Level 5:colcon.colcon_core.verb:set package 'ros2_control_demo_description' build argument 'cmake_args' from command line to 'None'
[0.204s] Level 5:colcon.colcon_core.verb:set package 'ros2_control_demo_description' build argument 'cmake_target' from command line to 'None'
[0.204s] Level 5:colcon.colcon_core.verb:set package 'ros2_control_demo_description' build argument 'cmake_target_skip_unavailable' from command line to 'False'
[0.204s] Level 5:colcon.colcon_core.verb:set package 'ros2_control_demo_description' build argument 'cmake_clean_cache' from command line to 'True'
[0.204s] Level 5:colcon.colcon_core.verb:set package 'ros2_control_demo_description' build argument 'cmake_clean_first' from command line to 'False'
[0.204s] Level 5:colcon.colcon_core.verb:set package 'ros2_control_demo_description' build argument 'cmake_force_configure' from command line to 'False'
[0.204s] Level 5:colcon.colcon_core.verb:set package 'ros2_control_demo_description' build argument 'ament_cmake_args' from command line to 'None'
[0.204s] Level 5:colcon.colcon_core.verb:set package 'ros2_control_demo_description' build argument 'catkin_cmake_args' from command line to 'None'
[0.204s] Level 5:colcon.colcon_core.verb:set package 'ros2_control_demo_description' build argument 'catkin_skip_building_tests' from command line to 'False'
[0.204s] DEBUG:colcon.colcon_core.verb:Building package 'ros2_control_demo_description' with the following arguments: {'ament_cmake_args': None, 'build_base': '/root/ros2_ws/src/ros2_control_demos/build/ros2_control_demo_description', 'catkin_cmake_args': None, 'catkin_skip_building_tests': False, 'cmake_args': None, 'cmake_clean_cache': True, 'cmake_clean_first': False, 'cmake_force_configure': False, 'cmake_target': None, 'cmake_target_skip_unavailable': False, 'install_base': '/root/ros2_ws/src/ros2_control_demos/install/ros2_control_demo_description', 'merge_install': False, 'path': '/root/ros2_ws/src/ros2_control_demos/ros2_control_demo_description', 'symlink_install': True, 'test_result_base': None}
[0.204s] Level 5:colcon.colcon_core.verb:set package 'ros2_control_demo_example_7' build argument 'cmake_args' from command line to 'None'
[0.204s] Level 5:colcon.colcon_core.verb:set package 'ros2_control_demo_example_7' build argument 'cmake_target' from command line to 'None'
[0.205s] Level 5:colcon.colcon_core.verb:set package 'ros2_control_demo_example_7' build argument 'cmake_target_skip_unavailable' from command line to 'False'
[0.205s] Level 5:colcon.colcon_core.verb:set package 'ros2_control_demo_example_7' build argument 'cmake_clean_cache' from command line to 'True'
[0.205s] Level 5:colcon.colcon_core.verb:set package 'ros2_control_demo_example_7' build argument 'cmake_clean_first' from command line to 'False'
[0.205s] Level 5:colcon.colcon_core.verb:set package 'ros2_control_demo_example_7' build argument 'cmake_force_configure' from command line to 'False'
[0.205s] Level 5:colcon.colcon_core.verb:set package 'ros2_control_demo_example_7' build argument 'ament_cmake_args' from command line to 'None'
[0.205s] Level 5:colcon.colcon_core.verb:set package 'ros2_control_demo_example_7' build argument 'catkin_cmake_args' from command line to 'None'
[0.205s] Level 5:colcon.colcon_core.verb:set package 'ros2_control_demo_example_7' build argument 'catkin_skip_building_tests' from command line to 'False'
[0.205s] DEBUG:colcon.colcon_core.verb:Building package 'ros2_control_demo_example_7' with the following arguments: {'ament_cmake_args': None, 'build_base': '/root/ros2_ws/src/ros2_control_demos/build/ros2_control_demo_example_7', 'catkin_cmake_args': None, 'catkin_skip_building_tests': False, 'cmake_args': None, 'cmake_clean_cache': True, 'cmake_clean_first': False, 'cmake_force_configure': False, 'cmake_target': None, 'cmake_target_skip_unavailable': False, 'install_base': '/root/ros2_ws/src/ros2_control_demos/install/ros2_control_demo_example_7', 'merge_install': False, 'path': '/root/ros2_ws/src/ros2_control_demos/example_7', 'symlink_install': True, 'test_result_base': None}
[0.205s] Level 5:colcon.colcon_core.verb:set package 'ros2_control_demos' build argument 'cmake_args' from command line to 'None'
[0.205s] Level 5:colcon.colcon_core.verb:set package 'ros2_control_demos' build argument 'cmake_target' from command line to 'None'
[0.205s] Level 5:colcon.colcon_core.verb:set package 'ros2_control_demos' build argument 'cmake_target_skip_unavailable' from command line to 'False'
[0.205s] Level 5:colcon.colcon_core.verb:set package 'ros2_control_demos' build argument 'cmake_clean_cache' from command line to 'True'
[0.205s] Level 5:colcon.colcon_core.verb:set package 'ros2_control_demos' build argument 'cmake_clean_first' from command line to 'False'
[0.205s] Level 5:colcon.colcon_core.verb:set package 'ros2_control_demos' build argument 'cmake_force_configure' from command line to 'False'
[0.205s] Level 5:colcon.colcon_core.verb:set package 'ros2_control_demos' build argument 'ament_cmake_args' from command line to 'None'
[0.205s] Level 5:colcon.colcon_core.verb:set package 'ros2_control_demos' build argument 'catkin_cmake_args' from command line to 'None'
[0.205s] Level 5:colcon.colcon_core.verb:set package 'ros2_control_demos' build argument 'catkin_skip_building_tests' from command line to 'False'
[0.205s] DEBUG:colcon.colcon_core.verb:Building package 'ros2_control_demos' with the following arguments: {'ament_cmake_args': None, 'build_base': '/root/ros2_ws/src/ros2_control_demos/build/ros2_control_demos', 'catkin_cmake_args': None, 'catkin_skip_building_tests': False, 'cmake_args': None, 'cmake_clean_cache': True, 'cmake_clean_first': False, 'cmake_force_configure': False, 'cmake_target': None, 'cmake_target_skip_unavailable': False, 'install_base': '/root/ros2_ws/src/ros2_control_demos/install/ros2_control_demos', 'merge_install': False, 'path': '/root/ros2_ws/src/ros2_control_demos/ros2_control_demos', 'symlink_install': True, 'test_result_base': None}
[0.205s] INFO:colcon.colcon_core.executor:Executing jobs using 'parallel' executor
[0.210s] DEBUG:colcon.colcon_parallel_executor.executor.parallel:run_until_complete
[0.212s] INFO:colcon.colcon_ros.task.ament_cmake.build:Building ROS package in '/root/ros2_ws/src/ros2_control_demos/ros2_control_demo_description' with build type 'ament_cmake'
[0.212s] INFO:colcon.colcon_cmake.task.cmake.build:Building CMake package in '/root/ros2_ws/src/ros2_control_demos/ros2_control_demo_description'
[0.214s] INFO:colcon.colcon_core.plugin_system:Skipping extension 'colcon_core.shell.bat': Not used on non-Windows systems
[0.214s] INFO:colcon.colcon_core.shell:Skip shell extension 'powershell' for command environment: Not usable outside of PowerShell
[0.214s] DEBUG:colcon.colcon_core.shell:Skip shell extension 'dsv' for command environment
[0.264s] DEBUG:colcon.colcon_core.event_handler.log_command:Invoking command in '/root/ros2_ws/src/ros2_control_demos/build/ros2_control_demo_description': CMAKE_PREFIX_PATH=${CMAKE_PREFIX_PATH}:/opt/ros/jazzy /usr/bin/cmake /root/ros2_ws/src/ros2_control_demos/ros2_control_demo_description -DAMENT_CMAKE_SYMLINK_INSTALL=1 -DCMAKE_INSTALL_PREFIX=/root/ros2_ws/src/ros2_control_demos/install/ros2_control_demo_description
[3.565s] DEBUG:colcon.colcon_core.event_handler.log_command:Invoked command in '/root/ros2_ws/src/ros2_control_demos/build/ros2_control_demo_description' returned '0': CMAKE_PREFIX_PATH=${CMAKE_PREFIX_PATH}:/opt/ros/jazzy /usr/bin/cmake /root/ros2_ws/src/ros2_control_demos/ros2_control_demo_description -DAMENT_CMAKE_SYMLINK_INSTALL=1 -DCMAKE_INSTALL_PREFIX=/root/ros2_ws/src/ros2_control_demos/install/ros2_control_demo_description
[3.573s] DEBUG:colcon.colcon_core.event_handler.log_command:Invoking command in '/root/ros2_ws/src/ros2_control_demos/build/ros2_control_demo_description': CMAKE_PREFIX_PATH=${CMAKE_PREFIX_PATH}:/opt/ros/jazzy /usr/bin/cmake --build /root/ros2_ws/src/ros2_control_demos/build/ros2_control_demo_description -- -j10 -l10
[3.824s] DEBUG:colcon.colcon_core.event_handler.log_command:Invoked command in '/root/ros2_ws/src/ros2_control_demos/build/ros2_control_demo_description' returned '0': CMAKE_PREFIX_PATH=${CMAKE_PREFIX_PATH}:/opt/ros/jazzy /usr/bin/cmake --build /root/ros2_ws/src/ros2_control_demos/build/ros2_control_demo_description -- -j10 -l10
[3.883s] DEBUG:colcon.colcon_core.event_handler.log_command:Invoking command in '/root/ros2_ws/src/ros2_control_demos/build/ros2_control_demo_description': CMAKE_PREFIX_PATH=${CMAKE_PREFIX_PATH}:/opt/ros/jazzy /usr/bin/cmake --install /root/ros2_ws/src/ros2_control_demos/build/ros2_control_demo_description
[4.024s] Level 1:colcon.colcon_core.environment:create_environment_scripts_only(ros2_control_demo_description)
[4.031s] DEBUG:colcon.colcon_core.event_handler.log_command:Invoked command in '/root/ros2_ws/src/ros2_control_demos/build/ros2_control_demo_description' returned '0': CMAKE_PREFIX_PATH=${CMAKE_PREFIX_PATH}:/opt/ros/jazzy /usr/bin/cmake --install /root/ros2_ws/src/ros2_control_demos/build/ros2_control_demo_description
[4.035s] Level 1:colcon.colcon_core.environment:checking '/root/ros2_ws/src/ros2_control_demos/install/ros2_control_demo_description' for CMake module files
[4.040s] Level 1:colcon.colcon_core.environment:checking '/root/ros2_ws/src/ros2_control_demos/install/ros2_control_demo_description' for CMake config files
[4.045s] Level 1:colcon.colcon_core.shell:create_environment_hook('ros2_control_demo_description', 'cmake_prefix_path')
[4.045s] INFO:colcon.colcon_core.shell:Creating environment hook '/root/ros2_ws/src/ros2_control_demos/install/ros2_control_demo_description/share/ros2_control_demo_description/hook/cmake_prefix_path.ps1'
[4.048s] INFO:colcon.colcon_core.shell:Creating environment descriptor '/root/ros2_ws/src/ros2_control_demos/install/ros2_control_demo_description/share/ros2_control_demo_description/hook/cmake_prefix_path.dsv'
[4.049s] INFO:colcon.colcon_core.shell:Creating environment hook '/root/ros2_ws/src/ros2_control_demos/install/ros2_control_demo_description/share/ros2_control_demo_description/hook/cmake_prefix_path.sh'
[4.051s] Level 1:colcon.colcon_core.environment:checking '/root/ros2_ws/src/ros2_control_demos/install/ros2_control_demo_description/lib'
[4.051s] Level 1:colcon.colcon_core.environment:checking '/root/ros2_ws/src/ros2_control_demos/install/ros2_control_demo_description/bin'
[4.051s] Level 1:colcon.colcon_core.environment:checking '/root/ros2_ws/src/ros2_control_demos/install/ros2_control_demo_description/lib/pkgconfig/ros2_control_demo_description.pc'
[4.055s] Level 1:colcon.colcon_core.environment:checking '/root/ros2_ws/src/ros2_control_demos/install/ros2_control_demo_description/lib/python3.12/site-packages'
[4.056s] Level 1:colcon.colcon_core.environment:checking '/root/ros2_ws/src/ros2_control_demos/install/ros2_control_demo_description/bin'
[4.056s] INFO:colcon.colcon_core.shell:Creating package script '/root/ros2_ws/src/ros2_control_demos/install/ros2_control_demo_description/share/ros2_control_demo_description/package.ps1'
[4.058s] INFO:colcon.colcon_core.shell:Creating package descriptor '/root/ros2_ws/src/ros2_control_demos/install/ros2_control_demo_description/share/ros2_control_demo_description/package.dsv'
[4.059s] INFO:colcon.colcon_core.shell:Creating package script '/root/ros2_ws/src/ros2_control_demos/install/ros2_control_demo_description/share/ros2_control_demo_description/package.sh'
[4.059s] INFO:colcon.colcon_core.shell:Creating package script '/root/ros2_ws/src/ros2_control_demos/install/ros2_control_demo_description/share/ros2_control_demo_description/package.bash'
[4.060s] INFO:colcon.colcon_core.shell:Creating package script '/root/ros2_ws/src/ros2_control_demos/install/ros2_control_demo_description/share/ros2_control_demo_description/package.zsh'
[4.061s] Level 1:colcon.colcon_core.environment:create_file_with_runtime_dependencies(/root/ros2_ws/src/ros2_control_demos/install/ros2_control_demo_description/share/colcon-core/packages/ros2_control_demo_description)
[4.063s] Level 1:colcon.colcon_core.environment:create_environment_scripts_only(ros2_control_demo_description)
[4.063s] Level 1:colcon.colcon_core.environment:checking '/root/ros2_ws/src/ros2_control_demos/install/ros2_control_demo_description' for CMake module files
[4.065s] Level 1:colcon.colcon_core.environment:checking '/root/ros2_ws/src/ros2_control_demos/install/ros2_control_demo_description' for CMake config files
[4.068s] Level 1:colcon.colcon_core.shell:create_environment_hook('ros2_control_demo_description', 'cmake_prefix_path')
[4.068s] INFO:colcon.colcon_core.shell:Creating environment hook '/root/ros2_ws/src/ros2_control_demos/install/ros2_control_demo_description/share/ros2_control_demo_description/hook/cmake_prefix_path.ps1'
[4.069s] INFO:colcon.colcon_core.shell:Creating environment descriptor '/root/ros2_ws/src/ros2_control_demos/install/ros2_control_demo_description/share/ros2_control_demo_description/hook/cmake_prefix_path.dsv'
[4.069s] INFO:colcon.colcon_core.shell:Creating environment hook '/root/ros2_ws/src/ros2_control_demos/install/ros2_control_demo_description/share/ros2_control_demo_description/hook/cmake_prefix_path.sh'
[4.070s] Level 1:colcon.colcon_core.environment:checking '/root/ros2_ws/src/ros2_control_demos/install/ros2_control_demo_description/lib'
[4.071s] Level 1:colcon.colcon_core.environment:checking '/root/ros2_ws/src/ros2_control_demos/install/ros2_control_demo_description/bin'
[4.071s] Level 1:colcon.colcon_core.environment:checking '/root/ros2_ws/src/ros2_control_demos/install/ros2_control_demo_description/lib/pkgconfig/ros2_control_demo_description.pc'
[4.072s] Level 1:colcon.colcon_core.environment:checking '/root/ros2_ws/src/ros2_control_demos/install/ros2_control_demo_description/lib/python3.12/site-packages'
[4.072s] Level 1:colcon.colcon_core.environment:checking '/root/ros2_ws/src/ros2_control_demos/install/ros2_control_demo_description/bin'
[4.073s] INFO:colcon.colcon_core.shell:Creating package script '/root/ros2_ws/src/ros2_control_demos/install/ros2_control_demo_description/share/ros2_control_demo_description/package.ps1'
[4.074s] INFO:colcon.colcon_core.shell:Creating package descriptor '/root/ros2_ws/src/ros2_control_demos/install/ros2_control_demo_description/share/ros2_control_demo_description/package.dsv'
[4.075s] INFO:colcon.colcon_core.shell:Creating package script '/root/ros2_ws/src/ros2_control_demos/install/ros2_control_demo_description/share/ros2_control_demo_description/package.sh'
[4.076s] INFO:colcon.colcon_core.shell:Creating package script '/root/ros2_ws/src/ros2_control_demos/install/ros2_control_demo_description/share/ros2_control_demo_description/package.bash'
[4.076s] INFO:colcon.colcon_core.shell:Creating package script '/root/ros2_ws/src/ros2_control_demos/install/ros2_control_demo_description/share/ros2_control_demo_description/package.zsh'
[4.076s] Level 1:colcon.colcon_core.environment:create_file_with_runtime_dependencies(/root/ros2_ws/src/ros2_control_demos/install/ros2_control_demo_description/share/colcon-core/packages/ros2_control_demo_description)
[4.077s] INFO:colcon.colcon_ros.task.ament_cmake.build:Building ROS package in '/root/ros2_ws/src/ros2_control_demos/example_7' with build type 'ament_cmake'
[4.078s] INFO:colcon.colcon_cmake.task.cmake.build:Building CMake package in '/root/ros2_ws/src/ros2_control_demos/example_7'
[4.078s] INFO:colcon.colcon_core.shell:Skip shell extension 'powershell' for command environment: Not usable outside of PowerShell
[4.078s] DEBUG:colcon.colcon_core.shell:Skip shell extension 'dsv' for command environment
[4.133s] DEBUG:colcon.colcon_core.event_handler.log_command:Invoking command in '/root/ros2_ws/src/ros2_control_demos/build/ros2_control_demo_example_7': AMENT_PREFIX_PATH=/root/ros2_ws/src/ros2_control_demos/install/ros2_control_demo_description:${AMENT_PREFIX_PATH} CMAKE_PREFIX_PATH=/root/ros2_ws/src/ros2_control_demos/install/ros2_control_demo_description:/opt/ros/jazzy/opt/gz_sim_vendor:/opt/ros/jazzy/opt/gz_sensors_vendor:/opt/ros/jazzy/opt/gz_physics_vendor:/opt/ros/jazzy/opt/sdformat_vendor:/opt/ros/jazzy/opt/gz_gui_vendor:/opt/ros/jazzy/opt/gz_transport_vendor:/opt/ros/jazzy/opt/gz_rendering_vendor:/opt/ros/jazzy/opt/gz_plugin_vendor:/opt/ros/jazzy/opt/gz_fuel_tools_vendor:/opt/ros/jazzy/opt/gz_msgs_vendor:/opt/ros/jazzy/opt/gz_common_vendor:/opt/ros/jazzy/opt/gz_math_vendor:/opt/ros/jazzy/opt/gz_utils_vendor:/opt/ros/jazzy/opt/gz_tools_vendor:/opt/ros/jazzy/opt/gz_ogre_next_vendor:/opt/ros/jazzy/opt/gz_dartsim_vendor:/opt/ros/jazzy/opt/gz_cmake_vendor:/opt/ros/jazzy /usr/bin/cmake /root/ros2_ws/src/ros2_control_demos/example_7 -DAMENT_CMAKE_SYMLINK_INSTALL=1 -DCMAKE_INSTALL_PREFIX=/root/ros2_ws/src/ros2_control_demos/install/ros2_control_demo_example_7
[10.798s] DEBUG:colcon.colcon_core.event_handler.log_command:Invoked command in '/root/ros2_ws/src/ros2_control_demos/build/ros2_control_demo_example_7' returned '0': AMENT_PREFIX_PATH=/root/ros2_ws/src/ros2_control_demos/install/ros2_control_demo_description:${AMENT_PREFIX_PATH} CMAKE_PREFIX_PATH=/root/ros2_ws/src/ros2_control_demos/install/ros2_control_demo_description:/opt/ros/jazzy/opt/gz_sim_vendor:/opt/ros/jazzy/opt/gz_sensors_vendor:/opt/ros/jazzy/opt/gz_physics_vendor:/opt/ros/jazzy/opt/sdformat_vendor:/opt/ros/jazzy/opt/gz_gui_vendor:/opt/ros/jazzy/opt/gz_transport_vendor:/opt/ros/jazzy/opt/gz_rendering_vendor:/opt/ros/jazzy/opt/gz_plugin_vendor:/opt/ros/jazzy/opt/gz_fuel_tools_vendor:/opt/ros/jazzy/opt/gz_msgs_vendor:/opt/ros/jazzy/opt/gz_common_vendor:/opt/ros/jazzy/opt/gz_math_vendor:/opt/ros/jazzy/opt/gz_utils_vendor:/opt/ros/jazzy/opt/gz_tools_vendor:/opt/ros/jazzy/opt/gz_ogre_next_vendor:/opt/ros/jazzy/opt/gz_dartsim_vendor:/opt/ros/jazzy/opt/gz_cmake_vendor:/opt/ros/jazzy /usr/bin/cmake /root/ros2_ws/src/ros2_control_demos/example_7 -DAMENT_CMAKE_SYMLINK_INSTALL=1 -DCMAKE_INSTALL_PREFIX=/root/ros2_ws/src/ros2_control_demos/install/ros2_control_demo_example_7
[10.811s] DEBUG:colcon.colcon_core.event_handler.log_command:Invoking command in '/root/ros2_ws/src/ros2_control_demos/build/ros2_control_demo_example_7': AMENT_PREFIX_PATH=/root/ros2_ws/src/ros2_control_demos/install/ros2_control_demo_description:${AMENT_PREFIX_PATH} CMAKE_PREFIX_PATH=/root/ros2_ws/src/ros2_control_demos/install/ros2_control_demo_description:/opt/ros/jazzy/opt/gz_sim_vendor:/opt/ros/jazzy/opt/gz_sensors_vendor:/opt/ros/jazzy/opt/gz_physics_vendor:/opt/ros/jazzy/opt/sdformat_vendor:/opt/ros/jazzy/opt/gz_gui_vendor:/opt/ros/jazzy/opt/gz_transport_vendor:/opt/ros/jazzy/opt/gz_rendering_vendor:/opt/ros/jazzy/opt/gz_plugin_vendor:/opt/ros/jazzy/opt/gz_fuel_tools_vendor:/opt/ros/jazzy/opt/gz_msgs_vendor:/opt/ros/jazzy/opt/gz_common_vendor:/opt/ros/jazzy/opt/gz_math_vendor:/opt/ros/jazzy/opt/gz_utils_vendor:/opt/ros/jazzy/opt/gz_tools_vendor:/opt/ros/jazzy/opt/gz_ogre_next_vendor:/opt/ros/jazzy/opt/gz_dartsim_vendor:/opt/ros/jazzy/opt/gz_cmake_vendor:/opt/ros/jazzy /usr/bin/cmake --build /root/ros2_ws/src/ros2_control_demos/build/ros2_control_demo_example_7 -- -j10 -l10
[11.520s] DEBUG:colcon.colcon_core.event_handler.log_command:Invoked command in '/root/ros2_ws/src/ros2_control_demos/build/ros2_control_demo_example_7' returned '0': AMENT_PREFIX_PATH=/root/ros2_ws/src/ros2_control_demos/install/ros2_control_demo_description:${AMENT_PREFIX_PATH} CMAKE_PREFIX_PATH=/root/ros2_ws/src/ros2_control_demos/install/ros2_control_demo_description:/opt/ros/jazzy/opt/gz_sim_vendor:/opt/ros/jazzy/opt/gz_sensors_vendor:/opt/ros/jazzy/opt/gz_physics_vendor:/opt/ros/jazzy/opt/sdformat_vendor:/opt/ros/jazzy/opt/gz_gui_vendor:/opt/ros/jazzy/opt/gz_transport_vendor:/opt/ros/jazzy/opt/gz_rendering_vendor:/opt/ros/jazzy/opt/gz_plugin_vendor:/opt/ros/jazzy/opt/gz_fuel_tools_vendor:/opt/ros/jazzy/opt/gz_msgs_vendor:/opt/ros/jazzy/opt/gz_common_vendor:/opt/ros/jazzy/opt/gz_math_vendor:/opt/ros/jazzy/opt/gz_utils_vendor:/opt/ros/jazzy/opt/gz_tools_vendor:/opt/ros/jazzy/opt/gz_ogre_next_vendor:/opt/ros/jazzy/opt/gz_dartsim_vendor:/opt/ros/jazzy/opt/gz_cmake_vendor:/opt/ros/jazzy /usr/bin/cmake --build /root/ros2_ws/src/ros2_control_demos/build/ros2_control_demo_example_7 -- -j10 -l10
[11.524s] DEBUG:colcon.colcon_core.event_handler.log_command:Invoking command in '/root/ros2_ws/src/ros2_control_demos/build/ros2_control_demo_example_7': AMENT_PREFIX_PATH=/root/ros2_ws/src/ros2_control_demos/install/ros2_control_demo_description:${AMENT_PREFIX_PATH} CMAKE_PREFIX_PATH=/root/ros2_ws/src/ros2_control_demos/install/ros2_control_demo_description:/opt/ros/jazzy/opt/gz_sim_vendor:/opt/ros/jazzy/opt/gz_sensors_vendor:/opt/ros/jazzy/opt/gz_physics_vendor:/opt/ros/jazzy/opt/sdformat_vendor:/opt/ros/jazzy/opt/gz_gui_vendor:/opt/ros/jazzy/opt/gz_transport_vendor:/opt/ros/jazzy/opt/gz_rendering_vendor:/opt/ros/jazzy/opt/gz_plugin_vendor:/opt/ros/jazzy/opt/gz_fuel_tools_vendor:/opt/ros/jazzy/opt/gz_msgs_vendor:/opt/ros/jazzy/opt/gz_common_vendor:/opt/ros/jazzy/opt/gz_math_vendor:/opt/ros/jazzy/opt/gz_utils_vendor:/opt/ros/jazzy/opt/gz_tools_vendor:/opt/ros/jazzy/opt/gz_ogre_next_vendor:/opt/ros/jazzy/opt/gz_dartsim_vendor:/opt/ros/jazzy/opt/gz_cmake_vendor:/opt/ros/jazzy /usr/bin/cmake --install /root/ros2_ws/src/ros2_control_demos/build/ros2_control_demo_example_7
[11.721s] Level 1:colcon.colcon_core.environment:create_environment_scripts_only(ros2_control_demo_example_7)
[11.723s] Level 1:colcon.colcon_core.environment:checking '/root/ros2_ws/src/ros2_control_demos/install/ros2_control_demo_example_7' for CMake module files
[11.723s] DEBUG:colcon.colcon_core.event_handler.log_command:Invoked command in '/root/ros2_ws/src/ros2_control_demos/build/ros2_control_demo_example_7' returned '0': AMENT_PREFIX_PATH=/root/ros2_ws/src/ros2_control_demos/install/ros2_control_demo_description:${AMENT_PREFIX_PATH} CMAKE_PREFIX_PATH=/root/ros2_ws/src/ros2_control_demos/install/ros2_control_demo_description:/opt/ros/jazzy/opt/gz_sim_vendor:/opt/ros/jazzy/opt/gz_sensors_vendor:/opt/ros/jazzy/opt/gz_physics_vendor:/opt/ros/jazzy/opt/sdformat_vendor:/opt/ros/jazzy/opt/gz_gui_vendor:/opt/ros/jazzy/opt/gz_transport_vendor:/opt/ros/jazzy/opt/gz_rendering_vendor:/opt/ros/jazzy/opt/gz_plugin_vendor:/opt/ros/jazzy/opt/gz_fuel_tools_vendor:/opt/ros/jazzy/opt/gz_msgs_vendor:/opt/ros/jazzy/opt/gz_common_vendor:/opt/ros/jazzy/opt/gz_math_vendor:/opt/ros/jazzy/opt/gz_utils_vendor:/opt/ros/jazzy/opt/gz_tools_vendor:/opt/ros/jazzy/opt/gz_ogre_next_vendor:/opt/ros/jazzy/opt/gz_dartsim_vendor:/opt/ros/jazzy/opt/gz_cmake_vendor:/opt/ros/jazzy /usr/bin/cmake --install /root/ros2_ws/src/ros2_control_demos/build/ros2_control_demo_example_7
[11.726s] Level 1:colcon.colcon_core.environment:checking '/root/ros2_ws/src/ros2_control_demos/install/ros2_control_demo_example_7' for CMake config files
[11.728s] Level 1:colcon.colcon_core.shell:create_environment_hook('ros2_control_demo_example_7', 'cmake_prefix_path')
[11.728s] INFO:colcon.colcon_core.shell:Creating environment hook '/root/ros2_ws/src/ros2_control_demos/install/ros2_control_demo_example_7/share/ros2_control_demo_example_7/hook/cmake_prefix_path.ps1'
[11.730s] INFO:colcon.colcon_core.shell:Creating environment descriptor '/root/ros2_ws/src/ros2_control_demos/install/ros2_control_demo_example_7/share/ros2_control_demo_example_7/hook/cmake_prefix_path.dsv'
[11.731s] INFO:colcon.colcon_core.shell:Creating environment hook '/root/ros2_ws/src/ros2_control_demos/install/ros2_control_demo_example_7/share/ros2_control_demo_example_7/hook/cmake_prefix_path.sh'
[11.732s] Level 1:colcon.colcon_core.environment:checking '/root/ros2_ws/src/ros2_control_demos/install/ros2_control_demo_example_7/lib'
[11.732s] Level 1:colcon.colcon_core.shell:create_environment_hook('ros2_control_demo_example_7', 'ld_library_path_lib')
[11.733s] INFO:colcon.colcon_core.shell:Creating environment hook '/root/ros2_ws/src/ros2_control_demos/install/ros2_control_demo_example_7/share/ros2_control_demo_example_7/hook/ld_library_path_lib.ps1'
[11.733s] INFO:colcon.colcon_core.shell:Creating environment descriptor '/root/ros2_ws/src/ros2_control_demos/install/ros2_control_demo_example_7/share/ros2_control_demo_example_7/hook/ld_library_path_lib.dsv'
[11.734s] INFO:colcon.colcon_core.shell:Creating environment hook '/root/ros2_ws/src/ros2_control_demos/install/ros2_control_demo_example_7/share/ros2_control_demo_example_7/hook/ld_library_path_lib.sh'
[11.735s] Level 1:colcon.colcon_core.environment:checking '/root/ros2_ws/src/ros2_control_demos/install/ros2_control_demo_example_7/bin'
[11.735s] Level 1:colcon.colcon_core.environment:checking '/root/ros2_ws/src/ros2_control_demos/install/ros2_control_demo_example_7/lib/pkgconfig/ros2_control_demo_example_7.pc'
[11.736s] Level 1:colcon.colcon_core.environment:checking '/root/ros2_ws/src/ros2_control_demos/install/ros2_control_demo_example_7/lib/python3.12/site-packages'
[11.736s] Level 1:colcon.colcon_core.environment:checking '/root/ros2_ws/src/ros2_control_demos/install/ros2_control_demo_example_7/bin'
[11.736s] INFO:colcon.colcon_core.shell:Creating package script '/root/ros2_ws/src/ros2_control_demos/install/ros2_control_demo_example_7/share/ros2_control_demo_example_7/package.ps1'
[11.738s] INFO:colcon.colcon_core.shell:Creating package descriptor '/root/ros2_ws/src/ros2_control_demos/install/ros2_control_demo_example_7/share/ros2_control_demo_example_7/package.dsv'
[11.739s] INFO:colcon.colcon_core.shell:Creating package script '/root/ros2_ws/src/ros2_control_demos/install/ros2_control_demo_example_7/share/ros2_control_demo_example_7/package.sh'
[11.740s] INFO:colcon.colcon_core.shell:Creating package script '/root/ros2_ws/src/ros2_control_demos/install/ros2_control_demo_example_7/share/ros2_control_demo_example_7/package.bash'
[11.740s] INFO:colcon.colcon_core.shell:Creating package script '/root/ros2_ws/src/ros2_control_demos/install/ros2_control_demo_example_7/share/ros2_control_demo_example_7/package.zsh'
[11.741s] Level 1:colcon.colcon_core.environment:create_file_with_runtime_dependencies(/root/ros2_ws/src/ros2_control_demos/install/ros2_control_demo_example_7/share/colcon-core/packages/ros2_control_demo_example_7)
[11.743s] Level 1:colcon.colcon_core.environment:create_environment_scripts_only(ros2_control_demo_example_7)
[11.743s] Level 1:colcon.colcon_core.environment:checking '/root/ros2_ws/src/ros2_control_demos/install/ros2_control_demo_example_7' for CMake module files
[11.745s] Level 1:colcon.colcon_core.environment:checking '/root/ros2_ws/src/ros2_control_demos/install/ros2_control_demo_example_7' for CMake config files
[11.747s] Level 1:colcon.colcon_core.shell:create_environment_hook('ros2_control_demo_example_7', 'cmake_prefix_path')
[11.747s] INFO:colcon.colcon_core.shell:Creating environment hook '/root/ros2_ws/src/ros2_control_demos/install/ros2_control_demo_example_7/share/ros2_control_demo_example_7/hook/cmake_prefix_path.ps1'
[11.748s] INFO:colcon.colcon_core.shell:Creating environment descriptor '/root/ros2_ws/src/ros2_control_demos/install/ros2_control_demo_example_7/share/ros2_control_demo_example_7/hook/cmake_prefix_path.dsv'
[11.748s] INFO:colcon.colcon_core.shell:Creating environment hook '/root/ros2_ws/src/ros2_control_demos/install/ros2_control_demo_example_7/share/ros2_control_demo_example_7/hook/cmake_prefix_path.sh'
[11.749s] Level 1:colcon.colcon_core.environment:checking '/root/ros2_ws/src/ros2_control_demos/install/ros2_control_demo_example_7/lib'
[11.750s] Level 1:colcon.colcon_core.shell:create_environment_hook('ros2_control_demo_example_7', 'ld_library_path_lib')
[11.750s] INFO:colcon.colcon_core.shell:Creating environment hook '/root/ros2_ws/src/ros2_control_demos/install/ros2_control_demo_example_7/share/ros2_control_demo_example_7/hook/ld_library_path_lib.ps1'
[11.753s] INFO:colcon.colcon_core.shell:Creating environment descriptor '/root/ros2_ws/src/ros2_control_demos/install/ros2_control_demo_example_7/share/ros2_control_demo_example_7/hook/ld_library_path_lib.dsv'
[11.755s] INFO:colcon.colcon_core.shell:Creating environment hook '/root/ros2_ws/src/ros2_control_demos/install/ros2_control_demo_example_7/share/ros2_control_demo_example_7/hook/ld_library_path_lib.sh'
[11.755s] Level 1:colcon.colcon_core.environment:checking '/root/ros2_ws/src/ros2_control_demos/install/ros2_control_demo_example_7/bin'
[11.755s] Level 1:colcon.colcon_core.environment:checking '/root/ros2_ws/src/ros2_control_demos/install/ros2_control_demo_example_7/lib/pkgconfig/ros2_control_demo_example_7.pc'
[11.756s] Level 1:colcon.colcon_core.environment:checking '/root/ros2_ws/src/ros2_control_demos/install/ros2_control_demo_example_7/lib/python3.12/site-packages'
[11.756s] Level 1:colcon.colcon_core.environment:checking '/root/ros2_ws/src/ros2_control_demos/install/ros2_control_demo_example_7/bin'
[11.756s] INFO:colcon.colcon_core.shell:Creating package script '/root/ros2_ws/src/ros2_control_demos/install/ros2_control_demo_example_7/share/ros2_control_demo_example_7/package.ps1'
[11.757s] INFO:colcon.colcon_core.shell:Creating package descriptor '/root/ros2_ws/src/ros2_control_demos/install/ros2_control_demo_example_7/share/ros2_control_demo_example_7/package.dsv'
[11.758s] INFO:colcon.colcon_core.shell:Creating package script '/root/ros2_ws/src/ros2_control_demos/install/ros2_control_demo_example_7/share/ros2_control_demo_example_7/package.sh'
[11.758s] INFO:colcon.colcon_core.shell:Creating package script '/root/ros2_ws/src/ros2_control_demos/install/ros2_control_demo_example_7/share/ros2_control_demo_example_7/package.bash'
[11.759s] INFO:colcon.colcon_core.shell:Creating package script '/root/ros2_ws/src/ros2_control_demos/install/ros2_control_demo_example_7/share/ros2_control_demo_example_7/package.zsh'
[11.759s] Level 1:colcon.colcon_core.environment:create_file_with_runtime_dependencies(/root/ros2_ws/src/ros2_control_demos/install/ros2_control_demo_example_7/share/colcon-core/packages/ros2_control_demo_example_7)
[11.761s] INFO:colcon.colcon_ros.task.ament_cmake.build:Building ROS package in '/root/ros2_ws/src/ros2_control_demos/ros2_control_demos' with build type 'ament_cmake'
[11.761s] INFO:colcon.colcon_cmake.task.cmake.build:Building CMake package in '/root/ros2_ws/src/ros2_control_demos/ros2_control_demos'
[11.762s] INFO:colcon.colcon_core.shell:Skip shell extension 'powershell' for command environment: Not usable outside of PowerShell
[11.762s] DEBUG:colcon.colcon_core.shell:Skip shell extension 'dsv' for command environment
[11.866s] DEBUG:colcon.colcon_core.event_handler.log_command:Invoking command in '/root/ros2_ws/src/ros2_control_demos/build/ros2_control_demos': AMENT_PREFIX_PATH=/root/ros2_ws/src/ros2_control_demos/install/ros2_control_demo_example_7:/root/ros2_ws/src/ros2_control_demos/install/ros2_control_demo_description:${AMENT_PREFIX_PATH} CMAKE_PREFIX_PATH=/root/ros2_ws/src/ros2_control_demos/install/ros2_control_demo_example_7:/root/ros2_ws/src/ros2_control_demos/install/ros2_control_demo_description:/opt/ros/jazzy/opt/gz_sim_vendor:/opt/ros/jazzy/opt/gz_sensors_vendor:/opt/ros/jazzy/opt/gz_physics_vendor:/opt/ros/jazzy/opt/sdformat_vendor:/opt/ros/jazzy/opt/gz_gui_vendor:/opt/ros/jazzy/opt/gz_transport_vendor:/opt/ros/jazzy/opt/gz_rendering_vendor:/opt/ros/jazzy/opt/gz_plugin_vendor:/opt/ros/jazzy/opt/gz_fuel_tools_vendor:/opt/ros/jazzy/opt/gz_msgs_vendor:/opt/ros/jazzy/opt/gz_common_vendor:/opt/ros/jazzy/opt/gz_math_vendor:/opt/ros/jazzy/opt/gz_utils_vendor:/opt/ros/jazzy/opt/gz_tools_vendor:/opt/ros/jazzy/opt/gz_ogre_next_vendor:/opt/ros/jazzy/opt/gz_dartsim_vendor:/opt/ros/jazzy/opt/gz_cmake_vendor:/opt/ros/jazzy LD_LIBRARY_PATH=/root/ros2_ws/src/ros2_control_demos/install/ros2_control_demo_example_7/lib:${LD_LIBRARY_PATH} /usr/bin/cmake /root/ros2_ws/src/ros2_control_demos/ros2_control_demos -DAMENT_CMAKE_SYMLINK_INSTALL=1 -DCMAKE_INSTALL_PREFIX=/root/ros2_ws/src/ros2_control_demos/install/ros2_control_demos
[15.402s] DEBUG:colcon.colcon_core.event_handler.log_command:Invoked command in '/root/ros2_ws/src/ros2_control_demos/build/ros2_control_demos' returned '0': AMENT_PREFIX_PATH=/root/ros2_ws/src/ros2_control_demos/install/ros2_control_demo_example_7:/root/ros2_ws/src/ros2_control_demos/install/ros2_control_demo_description:${AMENT_PREFIX_PATH} CMAKE_PREFIX_PATH=/root/ros2_ws/src/ros2_control_demos/install/ros2_control_demo_example_7:/root/ros2_ws/src/ros2_control_demos/install/ros2_control_demo_description:/opt/ros/jazzy/opt/gz_sim_vendor:/opt/ros/jazzy/opt/gz_sensors_vendor:/opt/ros/jazzy/opt/gz_physics_vendor:/opt/ros/jazzy/opt/sdformat_vendor:/opt/ros/jazzy/opt/gz_gui_vendor:/opt/ros/jazzy/opt/gz_transport_vendor:/opt/ros/jazzy/opt/gz_rendering_vendor:/opt/ros/jazzy/opt/gz_plugin_vendor:/opt/ros/jazzy/opt/gz_fuel_tools_vendor:/opt/ros/jazzy/opt/gz_msgs_vendor:/opt/ros/jazzy/opt/gz_common_vendor:/opt/ros/jazzy/opt/gz_math_vendor:/opt/ros/jazzy/opt/gz_utils_vendor:/opt/ros/jazzy/opt/gz_tools_vendor:/opt/ros/jazzy/opt/gz_ogre_next_vendor:/opt/ros/jazzy/opt/gz_dartsim_vendor:/opt/ros/jazzy/opt/gz_cmake_vendor:/opt/ros/jazzy LD_LIBRARY_PATH=/root/ros2_ws/src/ros2_control_demos/install/ros2_control_demo_example_7/lib:${LD_LIBRARY_PATH} /usr/bin/cmake /root/ros2_ws/src/ros2_control_demos/ros2_control_demos -DAMENT_CMAKE_SYMLINK_INSTALL=1 -DCMAKE_INSTALL_PREFIX=/root/ros2_ws/src/ros2_control_demos/install/ros2_control_demos
[15.408s] DEBUG:colcon.colcon_core.event_handler.log_command:Invoking command in '/root/ros2_ws/src/ros2_control_demos/build/ros2_control_demos': AMENT_PREFIX_PATH=/root/ros2_ws/src/ros2_control_demos/install/ros2_control_demo_example_7:/root/ros2_ws/src/ros2_control_demos/install/ros2_control_demo_description:${AMENT_PREFIX_PATH} CMAKE_PREFIX_PATH=/root/ros2_ws/src/ros2_control_demos/install/ros2_control_demo_example_7:/root/ros2_ws/src/ros2_control_demos/install/ros2_control_demo_description:/opt/ros/jazzy/opt/gz_sim_vendor:/opt/ros/jazzy/opt/gz_sensors_vendor:/opt/ros/jazzy/opt/gz_physics_vendor:/opt/ros/jazzy/opt/sdformat_vendor:/opt/ros/jazzy/opt/gz_gui_vendor:/opt/ros/jazzy/opt/gz_transport_vendor:/opt/ros/jazzy/opt/gz_rendering_vendor:/opt/ros/jazzy/opt/gz_plugin_vendor:/opt/ros/jazzy/opt/gz_fuel_tools_vendor:/opt/ros/jazzy/opt/gz_msgs_vendor:/opt/ros/jazzy/opt/gz_common_vendor:/opt/ros/jazzy/opt/gz_math_vendor:/opt/ros/jazzy/opt/gz_utils_vendor:/opt/ros/jazzy/opt/gz_tools_vendor:/opt/ros/jazzy/opt/gz_ogre_next_vendor:/opt/ros/jazzy/opt/gz_dartsim_vendor:/opt/ros/jazzy/opt/gz_cmake_vendor:/opt/ros/jazzy LD_LIBRARY_PATH=/root/ros2_ws/src/ros2_control_demos/install/ros2_control_demo_example_7/lib:${LD_LIBRARY_PATH} /usr/bin/cmake --build /root/ros2_ws/src/ros2_control_demos/build/ros2_control_demos -- -j10 -l10
[15.664s] DEBUG:colcon.colcon_core.event_handler.log_command:Invoked command in '/root/ros2_ws/src/ros2_control_demos/build/ros2_control_demos' returned '0': AMENT_PREFIX_PATH=/root/ros2_ws/src/ros2_control_demos/install/ros2_control_demo_example_7:/root/ros2_ws/src/ros2_control_demos/install/ros2_control_demo_description:${AMENT_PREFIX_PATH} CMAKE_PREFIX_PATH=/root/ros2_ws/src/ros2_control_demos/install/ros2_control_demo_example_7:/root/ros2_ws/src/ros2_control_demos/install/ros2_control_demo_description:/opt/ros/jazzy/opt/gz_sim_vendor:/opt/ros/jazzy/opt/gz_sensors_vendor:/opt/ros/jazzy/opt/gz_physics_vendor:/opt/ros/jazzy/opt/sdformat_vendor:/opt/ros/jazzy/opt/gz_gui_vendor:/opt/ros/jazzy/opt/gz_transport_vendor:/opt/ros/jazzy/opt/gz_rendering_vendor:/opt/ros/jazzy/opt/gz_plugin_vendor:/opt/ros/jazzy/opt/gz_fuel_tools_vendor:/opt/ros/jazzy/opt/gz_msgs_vendor:/opt/ros/jazzy/opt/gz_common_vendor:/opt/ros/jazzy/opt/gz_math_vendor:/opt/ros/jazzy/opt/gz_utils_vendor:/opt/ros/jazzy/opt/gz_tools_vendor:/opt/ros/jazzy/opt/gz_ogre_next_vendor:/opt/ros/jazzy/opt/gz_dartsim_vendor:/opt/ros/jazzy/opt/gz_cmake_vendor:/opt/ros/jazzy LD_LIBRARY_PATH=/root/ros2_ws/src/ros2_control_demos/install/ros2_control_demo_example_7/lib:${LD_LIBRARY_PATH} /usr/bin/cmake --build /root/ros2_ws/src/ros2_control_demos/build/ros2_control_demos -- -j10 -l10
[15.669s] DEBUG:colcon.colcon_core.event_handler.log_command:Invoking command in '/root/ros2_ws/src/ros2_control_demos/build/ros2_control_demos': AMENT_PREFIX_PATH=/root/ros2_ws/src/ros2_control_demos/install/ros2_control_demo_example_7:/root/ros2_ws/src/ros2_control_demos/install/ros2_control_demo_description:${AMENT_PREFIX_PATH} CMAKE_PREFIX_PATH=/root/ros2_ws/src/ros2_control_demos/install/ros2_control_demo_example_7:/root/ros2_ws/src/ros2_control_demos/install/ros2_control_demo_description:/opt/ros/jazzy/opt/gz_sim_vendor:/opt/ros/jazzy/opt/gz_sensors_vendor:/opt/ros/jazzy/opt/gz_physics_vendor:/opt/ros/jazzy/opt/sdformat_vendor:/opt/ros/jazzy/opt/gz_gui_vendor:/opt/ros/jazzy/opt/gz_transport_vendor:/opt/ros/jazzy/opt/gz_rendering_vendor:/opt/ros/jazzy/opt/gz_plugin_vendor:/opt/ros/jazzy/opt/gz_fuel_tools_vendor:/opt/ros/jazzy/opt/gz_msgs_vendor:/opt/ros/jazzy/opt/gz_common_vendor:/opt/ros/jazzy/opt/gz_math_vendor:/opt/ros/jazzy/opt/gz_utils_vendor:/opt/ros/jazzy/opt/gz_tools_vendor:/opt/ros/jazzy/opt/gz_ogre_next_vendor:/opt/ros/jazzy/opt/gz_dartsim_vendor:/opt/ros/jazzy/opt/gz_cmake_vendor:/opt/ros/jazzy LD_LIBRARY_PATH=/root/ros2_ws/src/ros2_control_demos/install/ros2_control_demo_example_7/lib:${LD_LIBRARY_PATH} /usr/bin/cmake --install /root/ros2_ws/src/ros2_control_demos/build/ros2_control_demos
[15.790s] Level 1:colcon.colcon_core.environment:create_environment_scripts_only(ros2_control_demos)
[15.791s] Level 1:colcon.colcon_core.environment:checking '/root/ros2_ws/src/ros2_control_demos/install/ros2_control_demos' for CMake module files
[15.791s] DEBUG:colcon.colcon_core.event_handler.log_command:Invoked command in '/root/ros2_ws/src/ros2_control_demos/build/ros2_control_demos' returned '0': AMENT_PREFIX_PATH=/root/ros2_ws/src/ros2_control_demos/install/ros2_control_demo_example_7:/root/ros2_ws/src/ros2_control_demos/install/ros2_control_demo_description:${AMENT_PREFIX_PATH} CMAKE_PREFIX_PATH=/root/ros2_ws/src/ros2_control_demos/install/ros2_control_demo_example_7:/root/ros2_ws/src/ros2_control_demos/install/ros2_control_demo_description:/opt/ros/jazzy/opt/gz_sim_vendor:/opt/ros/jazzy/opt/gz_sensors_vendor:/opt/ros/jazzy/opt/gz_physics_vendor:/opt/ros/jazzy/opt/sdformat_vendor:/opt/ros/jazzy/opt/gz_gui_vendor:/opt/ros/jazzy/opt/gz_transport_vendor:/opt/ros/jazzy/opt/gz_rendering_vendor:/opt/ros/jazzy/opt/gz_plugin_vendor:/opt/ros/jazzy/opt/gz_fuel_tools_vendor:/opt/ros/jazzy/opt/gz_msgs_vendor:/opt/ros/jazzy/opt/gz_common_vendor:/opt/ros/jazzy/opt/gz_math_vendor:/opt/ros/jazzy/opt/gz_utils_vendor:/opt/ros/jazzy/opt/gz_tools_vendor:/opt/ros/jazzy/opt/gz_ogre_next_vendor:/opt/ros/jazzy/opt/gz_dartsim_vendor:/opt/ros/jazzy/opt/gz_cmake_vendor:/opt/ros/jazzy LD_LIBRARY_PATH=/root/ros2_ws/src/ros2_control_demos/install/ros2_control_demo_example_7/lib:${LD_LIBRARY_PATH} /usr/bin/cmake --install /root/ros2_ws/src/ros2_control_demos/build/ros2_control_demos
[15.793s] Level 1:colcon.colcon_core.environment:checking '/root/ros2_ws/src/ros2_control_demos/install/ros2_control_demos' for CMake config files
[15.796s] Level 1:colcon.colcon_core.shell:create_environment_hook('ros2_control_demos', 'cmake_prefix_path')
[15.796s] INFO:colcon.colcon_core.shell:Creating environment hook '/root/ros2_ws/src/ros2_control_demos/install/ros2_control_demos/share/ros2_control_demos/hook/cmake_prefix_path.ps1'
[15.797s] INFO:colcon.colcon_core.shell:Creating environment descriptor '/root/ros2_ws/src/ros2_control_demos/install/ros2_control_demos/share/ros2_control_demos/hook/cmake_prefix_path.dsv'
[15.797s] INFO:colcon.colcon_core.shell:Creating environment hook '/root/ros2_ws/src/ros2_control_demos/install/ros2_control_demos/share/ros2_control_demos/hook/cmake_prefix_path.sh'
[15.798s] Level 1:colcon.colcon_core.environment:checking '/root/ros2_ws/src/ros2_control_demos/install/ros2_control_demos/bin'
[15.798s] Level 1:colcon.colcon_core.environment:checking '/root/ros2_ws/src/ros2_control_demos/install/ros2_control_demos/lib/pkgconfig/ros2_control_demos.pc'
[15.799s] Level 1:colcon.colcon_core.environment:checking '/root/ros2_ws/src/ros2_control_demos/install/ros2_control_demos/lib/python3.12/site-packages'
[15.799s] Level 1:colcon.colcon_core.environment:checking '/root/ros2_ws/src/ros2_control_demos/install/ros2_control_demos/bin'
[15.799s] INFO:colcon.colcon_core.shell:Creating package script '/root/ros2_ws/src/ros2_control_demos/install/ros2_control_demos/share/ros2_control_demos/package.ps1'
[15.800s] INFO:colcon.colcon_core.shell:Creating package descriptor '/root/ros2_ws/src/ros2_control_demos/install/ros2_control_demos/share/ros2_control_demos/package.dsv'
[15.800s] INFO:colcon.colcon_core.shell:Creating package script '/root/ros2_ws/src/ros2_control_demos/install/ros2_control_demos/share/ros2_control_demos/package.sh'
[15.801s] INFO:colcon.colcon_core.shell:Creating package script '/root/ros2_ws/src/ros2_control_demos/install/ros2_control_demos/share/ros2_control_demos/package.bash'
[15.801s] INFO:colcon.colcon_core.shell:Creating package script '/root/ros2_ws/src/ros2_control_demos/install/ros2_control_demos/share/ros2_control_demos/package.zsh'
[15.801s] Level 1:colcon.colcon_core.environment:create_file_with_runtime_dependencies(/root/ros2_ws/src/ros2_control_demos/install/ros2_control_demos/share/colcon-core/packages/ros2_control_demos)
[15.803s] Level 1:colcon.colcon_core.environment:create_environment_scripts_only(ros2_control_demos)
[15.803s] Level 1:colcon.colcon_core.environment:checking '/root/ros2_ws/src/ros2_control_demos/install/ros2_control_demos' for CMake module files
[15.804s] Level 1:colcon.colcon_core.environment:checking '/root/ros2_ws/src/ros2_control_demos/install/ros2_control_demos' for CMake config files
[15.806s] Level 1:colcon.colcon_core.shell:create_environment_hook('ros2_control_demos', 'cmake_prefix_path')
[15.806s] INFO:colcon.colcon_core.shell:Creating environment hook '/root/ros2_ws/src/ros2_control_demos/install/ros2_control_demos/share/ros2_control_demos/hook/cmake_prefix_path.ps1'
[15.807s] INFO:colcon.colcon_core.shell:Creating environment descriptor '/root/ros2_ws/src/ros2_control_demos/install/ros2_control_demos/share/ros2_control_demos/hook/cmake_prefix_path.dsv'
[15.807s] INFO:colcon.colcon_core.shell:Creating environment hook '/root/ros2_ws/src/ros2_control_demos/install/ros2_control_demos/share/ros2_control_demos/hook/cmake_prefix_path.sh'
[15.808s] Level 1:colcon.colcon_core.environment:checking '/root/ros2_ws/src/ros2_control_demos/install/ros2_control_demos/bin'
[15.808s] Level 1:colcon.colcon_core.environment:checking '/root/ros2_ws/src/ros2_control_demos/install/ros2_control_demos/lib/pkgconfig/ros2_control_demos.pc'
[15.808s] Level 1:colcon.colcon_core.environment:checking '/root/ros2_ws/src/ros2_control_demos/install/ros2_control_demos/lib/python3.12/site-packages'
[15.809s] Level 1:colcon.colcon_core.environment:checking '/root/ros2_ws/src/ros2_control_demos/install/ros2_control_demos/bin'
[15.809s] INFO:colcon.colcon_core.shell:Creating package script '/root/ros2_ws/src/ros2_control_demos/install/ros2_control_demos/share/ros2_control_demos/package.ps1'
[15.810s] INFO:colcon.colcon_core.shell:Creating package descriptor '/root/ros2_ws/src/ros2_control_demos/install/ros2_control_demos/share/ros2_control_demos/package.dsv'
[15.810s] INFO:colcon.colcon_core.shell:Creating package script '/root/ros2_ws/src/ros2_control_demos/install/ros2_control_demos/share/ros2_control_demos/package.sh'
[15.810s] INFO:colcon.colcon_core.shell:Creating package script '/root/ros2_ws/src/ros2_control_demos/install/ros2_control_demos/share/ros2_control_demos/package.bash'
[15.811s] INFO:colcon.colcon_core.shell:Creating package script '/root/ros2_ws/src/ros2_control_demos/install/ros2_control_demos/share/ros2_control_demos/package.zsh'
[15.811s] Level 1:colcon.colcon_core.environment:create_file_with_runtime_dependencies(/root/ros2_ws/src/ros2_control_demos/install/ros2_control_demos/share/colcon-core/packages/ros2_control_demos)
[15.812s] DEBUG:colcon.colcon_parallel_executor.executor.parallel:closing loop
[15.813s] DEBUG:colcon.colcon_parallel_executor.executor.parallel:loop closed
[15.814s] DEBUG:colcon.colcon_parallel_executor.executor.parallel:run_until_complete finished with '0'
[15.815s] DEBUG:colcon.colcon_core.event_reactor:joining thread
[15.829s] INFO:colcon.colcon_core.plugin_system:Skipping extension 'colcon_notification.desktop_notification.notify_send': Could not find 'notify-send'
[15.829s] INFO:colcon.colcon_core.plugin_system:Skipping extension 'colcon_notification.desktop_notification.terminal_notifier': Not used on non-Darwin systems
[15.829s] INFO:colcon.colcon_core.plugin_system:Skipping extension 'colcon_notification.desktop_notification.win32': Not used on non-Windows systems
[15.829s] INFO:colcon.colcon_notification.desktop_notification:Sending desktop notification using 'notify2'
[15.836s] DEBUG:colcon.colcon_notification.desktop_notification.notify2:Failed to initialize notify2: org.freedesktop.DBus.Error.Spawn.ExecFailed: /usr/bin/dbus-launch terminated abnormally without any error message
[15.837s] DEBUG:colcon.colcon_core.event_reactor:joined thread
[15.838s] INFO:colcon.colcon_core.shell:Creating prefix script '/root/ros2_ws/src/ros2_control_demos/install/local_setup.ps1'
[15.841s] INFO:colcon.colcon_core.shell:Creating prefix util module '/root/ros2_ws/src/ros2_control_demos/install/_local_setup_util_ps1.py'
[15.843s] INFO:colcon.colcon_core.shell:Creating prefix chain script '/root/ros2_ws/src/ros2_control_demos/install/setup.ps1'
[15.845s] INFO:colcon.colcon_core.shell:Creating prefix script '/root/ros2_ws/src/ros2_control_demos/install/local_setup.sh'
[15.845s] INFO:colcon.colcon_core.shell:Creating prefix util module '/root/ros2_ws/src/ros2_control_demos/install/_local_setup_util_sh.py'
[15.846s] INFO:colcon.colcon_core.shell:Creating prefix chain script '/root/ros2_ws/src/ros2_control_demos/install/setup.sh'
[15.847s] INFO:colcon.colcon_core.shell:Creating prefix script '/root/ros2_ws/src/ros2_control_demos/install/local_setup.bash'
[15.848s] INFO:colcon.colcon_core.shell:Creating prefix chain script '/root/ros2_ws/src/ros2_control_demos/install/setup.bash'
[15.849s] INFO:colcon.colcon_core.shell:Creating prefix script '/root/ros2_ws/src/ros2_control_demos/install/local_setup.zsh'
[15.849s] INFO:colcon.colcon_core.shell:Creating prefix chain script '/root/ros2_ws/src/ros2_control_demos/install/setup.zsh'
