[0.140s] Invoking command in '/root/ros2_ws/src/ros2_control_demos/build/ros2_control_demos': AMENT_PREFIX_PATH=/root/ros2_ws/src/ros2_control_demos/install/ros2_control_demo_example_7:/root/ros2_ws/src/ros2_control_demos/install/ros2_control_demo_description:${AMENT_PREFIX_PATH} CMAKE_PREFIX_PATH=/root/ros2_ws/src/ros2_control_demos/install/ros2_control_demo_example_7:/root/ros2_ws/src/ros2_control_demos/install/ros2_control_demo_description:/opt/ros/jazzy/opt/gz_sim_vendor:/opt/ros/jazzy/opt/gz_sensors_vendor:/opt/ros/jazzy/opt/gz_physics_vendor:/opt/ros/jazzy/opt/sdformat_vendor:/opt/ros/jazzy/opt/gz_gui_vendor:/opt/ros/jazzy/opt/gz_transport_vendor:/opt/ros/jazzy/opt/gz_rendering_vendor:/opt/ros/jazzy/opt/gz_plugin_vendor:/opt/ros/jazzy/opt/gz_fuel_tools_vendor:/opt/ros/jazzy/opt/gz_msgs_vendor:/opt/ros/jazzy/opt/gz_common_vendor:/opt/ros/jazzy/opt/gz_math_vendor:/opt/ros/jazzy/opt/gz_utils_vendor:/opt/ros/jazzy/opt/gz_tools_vendor:/opt/ros/jazzy/opt/gz_ogre_next_vendor:/opt/ros/jazzy/opt/gz_dartsim_vendor:/opt/ros/jazzy/opt/gz_cmake_vendor:/opt/ros/jazzy LD_LIBRARY_PATH=/root/ros2_ws/src/ros2_control_demos/install/ros2_control_demo_example_7/lib:${LD_LIBRARY_PATH} /usr/bin/cmake /root/ros2_ws/src/ros2_control_demos/ros2_control_demos -DAMENT_CMAKE_SYMLINK_INSTALL=1 -DCMAKE_INSTALL_PREFIX=/root/ros2_ws/src/ros2_control_demos/install/ros2_control_demos
[0.978s] -- The C compiler identification is GNU 13.3.0
[1.585s] -- The CXX compiler identification is GNU 13.3.0
[1.766s] -- Detecting C compiler ABI info
[2.943s] -- Detecting C compiler ABI info - done
[2.971s] -- Check for working C compiler: /usr/bin/cc - skipped
[2.972s] -- Detecting C compile features
[2.973s] -- Detecting C compile features - done
[3.082s] -- Detecting CXX compiler ABI info
[4.442s] -- Detecting CXX compiler ABI info - done
[4.472s] -- Check for working CXX compiler: /usr/bin/c++ - skipped
[4.473s] -- Detecting CXX compile features
[4.473s] -- Detecting CXX compile features - done
[4.507s] -- Found ament_cmake: 2.5.6 (/opt/ros/jazzy/share/ament_cmake/cmake)
[5.693s] -- Found Python3: /usr/bin/python3 (found version "3.12.3") found components: Interpreter 
[6.016s] -- Override CMake install command with custom implementation using symlinks instead of copying resources
[6.526s] -- Configuring done (6.3s)
[6.571s] -- Generating done (0.0s)
[6.605s] -- Build files have been written to: /root/ros2_ws/src/ros2_control_demos/build/ros2_control_demos
[6.630s] Invoked command in '/root/ros2_ws/src/ros2_control_demos/build/ros2_control_demos' returned '0': AMENT_PREFIX_PATH=/root/ros2_ws/src/ros2_control_demos/install/ros2_control_demo_example_7:/root/ros2_ws/src/ros2_control_demos/install/ros2_control_demo_description:${AMENT_PREFIX_PATH} CMAKE_PREFIX_PATH=/root/ros2_ws/src/ros2_control_demos/install/ros2_control_demo_example_7:/root/ros2_ws/src/ros2_control_demos/install/ros2_control_demo_description:/opt/ros/jazzy/opt/gz_sim_vendor:/opt/ros/jazzy/opt/gz_sensors_vendor:/opt/ros/jazzy/opt/gz_physics_vendor:/opt/ros/jazzy/opt/sdformat_vendor:/opt/ros/jazzy/opt/gz_gui_vendor:/opt/ros/jazzy/opt/gz_transport_vendor:/opt/ros/jazzy/opt/gz_rendering_vendor:/opt/ros/jazzy/opt/gz_plugin_vendor:/opt/ros/jazzy/opt/gz_fuel_tools_vendor:/opt/ros/jazzy/opt/gz_msgs_vendor:/opt/ros/jazzy/opt/gz_common_vendor:/opt/ros/jazzy/opt/gz_math_vendor:/opt/ros/jazzy/opt/gz_utils_vendor:/opt/ros/jazzy/opt/gz_tools_vendor:/opt/ros/jazzy/opt/gz_ogre_next_vendor:/opt/ros/jazzy/opt/gz_dartsim_vendor:/opt/ros/jazzy/opt/gz_cmake_vendor:/opt/ros/jazzy LD_LIBRARY_PATH=/root/ros2_ws/src/ros2_control_demos/install/ros2_control_demo_example_7/lib:${LD_LIBRARY_PATH} /usr/bin/cmake /root/ros2_ws/src/ros2_control_demos/ros2_control_demos -DAMENT_CMAKE_SYMLINK_INSTALL=1 -DCMAKE_INSTALL_PREFIX=/root/ros2_ws/src/ros2_control_demos/install/ros2_control_demos
[6.651s] Invoking command in '/root/ros2_ws/src/ros2_control_demos/build/ros2_control_demos': AMENT_PREFIX_PATH=/root/ros2_ws/src/ros2_control_demos/install/ros2_control_demo_example_7:/root/ros2_ws/src/ros2_control_demos/install/ros2_control_demo_description:${AMENT_PREFIX_PATH} CMAKE_PREFIX_PATH=/root/ros2_ws/src/ros2_control_demos/install/ros2_control_demo_example_7:/root/ros2_ws/src/ros2_control_demos/install/ros2_control_demo_description:/opt/ros/jazzy/opt/gz_sim_vendor:/opt/ros/jazzy/opt/gz_sensors_vendor:/opt/ros/jazzy/opt/gz_physics_vendor:/opt/ros/jazzy/opt/sdformat_vendor:/opt/ros/jazzy/opt/gz_gui_vendor:/opt/ros/jazzy/opt/gz_transport_vendor:/opt/ros/jazzy/opt/gz_rendering_vendor:/opt/ros/jazzy/opt/gz_plugin_vendor:/opt/ros/jazzy/opt/gz_fuel_tools_vendor:/opt/ros/jazzy/opt/gz_msgs_vendor:/opt/ros/jazzy/opt/gz_common_vendor:/opt/ros/jazzy/opt/gz_math_vendor:/opt/ros/jazzy/opt/gz_utils_vendor:/opt/ros/jazzy/opt/gz_tools_vendor:/opt/ros/jazzy/opt/gz_ogre_next_vendor:/opt/ros/jazzy/opt/gz_dartsim_vendor:/opt/ros/jazzy/opt/gz_cmake_vendor:/opt/ros/jazzy LD_LIBRARY_PATH=/root/ros2_ws/src/ros2_control_demos/install/ros2_control_demo_example_7/lib:${LD_LIBRARY_PATH} /usr/bin/cmake --build /root/ros2_ws/src/ros2_control_demos/build/ros2_control_demos -- -j10 -l10
[7.200s] Invoked command in '/root/ros2_ws/src/ros2_control_demos/build/ros2_control_demos' returned '0': AMENT_PREFIX_PATH=/root/ros2_ws/src/ros2_control_demos/install/ros2_control_demo_example_7:/root/ros2_ws/src/ros2_control_demos/install/ros2_control_demo_description:${AMENT_PREFIX_PATH} CMAKE_PREFIX_PATH=/root/ros2_ws/src/ros2_control_demos/install/ros2_control_demo_example_7:/root/ros2_ws/src/ros2_control_demos/install/ros2_control_demo_description:/opt/ros/jazzy/opt/gz_sim_vendor:/opt/ros/jazzy/opt/gz_sensors_vendor:/opt/ros/jazzy/opt/gz_physics_vendor:/opt/ros/jazzy/opt/sdformat_vendor:/opt/ros/jazzy/opt/gz_gui_vendor:/opt/ros/jazzy/opt/gz_transport_vendor:/opt/ros/jazzy/opt/gz_rendering_vendor:/opt/ros/jazzy/opt/gz_plugin_vendor:/opt/ros/jazzy/opt/gz_fuel_tools_vendor:/opt/ros/jazzy/opt/gz_msgs_vendor:/opt/ros/jazzy/opt/gz_common_vendor:/opt/ros/jazzy/opt/gz_math_vendor:/opt/ros/jazzy/opt/gz_utils_vendor:/opt/ros/jazzy/opt/gz_tools_vendor:/opt/ros/jazzy/opt/gz_ogre_next_vendor:/opt/ros/jazzy/opt/gz_dartsim_vendor:/opt/ros/jazzy/opt/gz_cmake_vendor:/opt/ros/jazzy LD_LIBRARY_PATH=/root/ros2_ws/src/ros2_control_demos/install/ros2_control_demo_example_7/lib:${LD_LIBRARY_PATH} /usr/bin/cmake --build /root/ros2_ws/src/ros2_control_demos/build/ros2_control_demos -- -j10 -l10
[7.227s] Invoking command in '/root/ros2_ws/src/ros2_control_demos/build/ros2_control_demos': AMENT_PREFIX_PATH=/root/ros2_ws/src/ros2_control_demos/install/ros2_control_demo_example_7:/root/ros2_ws/src/ros2_control_demos/install/ros2_control_demo_description:${AMENT_PREFIX_PATH} CMAKE_PREFIX_PATH=/root/ros2_ws/src/ros2_control_demos/install/ros2_control_demo_example_7:/root/ros2_ws/src/ros2_control_demos/install/ros2_control_demo_description:/opt/ros/jazzy/opt/gz_sim_vendor:/opt/ros/jazzy/opt/gz_sensors_vendor:/opt/ros/jazzy/opt/gz_physics_vendor:/opt/ros/jazzy/opt/sdformat_vendor:/opt/ros/jazzy/opt/gz_gui_vendor:/opt/ros/jazzy/opt/gz_transport_vendor:/opt/ros/jazzy/opt/gz_rendering_vendor:/opt/ros/jazzy/opt/gz_plugin_vendor:/opt/ros/jazzy/opt/gz_fuel_tools_vendor:/opt/ros/jazzy/opt/gz_msgs_vendor:/opt/ros/jazzy/opt/gz_common_vendor:/opt/ros/jazzy/opt/gz_math_vendor:/opt/ros/jazzy/opt/gz_utils_vendor:/opt/ros/jazzy/opt/gz_tools_vendor:/opt/ros/jazzy/opt/gz_ogre_next_vendor:/opt/ros/jazzy/opt/gz_dartsim_vendor:/opt/ros/jazzy/opt/gz_cmake_vendor:/opt/ros/jazzy LD_LIBRARY_PATH=/root/ros2_ws/src/ros2_control_demos/install/ros2_control_demo_example_7/lib:${LD_LIBRARY_PATH} /usr/bin/cmake --install /root/ros2_ws/src/ros2_control_demos/build/ros2_control_demos
[7.352s] -- Install configuration: ""
[7.363s] -- Execute custom install script
[7.372s] -- Up-to-date symlink: /root/ros2_ws/src/ros2_control_demos/install/ros2_control_demos/share/ament_index/resource_index/package_run_dependencies/ros2_control_demos
[7.373s] -- Up-to-date symlink: /root/ros2_ws/src/ros2_control_demos/install/ros2_control_demos/share/ament_index/resource_index/parent_prefix_path/ros2_control_demos
[7.374s] -- Up-to-date symlink: /root/ros2_ws/src/ros2_control_demos/install/ros2_control_demos/share/ros2_control_demos/environment/ament_prefix_path.sh
[7.375s] -- Up-to-date symlink: /root/ros2_ws/src/ros2_control_demos/install/ros2_control_demos/share/ros2_control_demos/environment/ament_prefix_path.dsv
[7.376s] -- Up-to-date symlink: /root/ros2_ws/src/ros2_control_demos/install/ros2_control_demos/share/ros2_control_demos/environment/path.sh
[7.376s] -- Up-to-date symlink: /root/ros2_ws/src/ros2_control_demos/install/ros2_control_demos/share/ros2_control_demos/environment/path.dsv
[7.377s] -- Up-to-date symlink: /root/ros2_ws/src/ros2_control_demos/install/ros2_control_demos/share/ros2_control_demos/local_setup.bash
[7.378s] -- Up-to-date symlink: /root/ros2_ws/src/ros2_control_demos/install/ros2_control_demos/share/ros2_control_demos/local_setup.sh
[7.379s] -- Up-to-date symlink: /root/ros2_ws/src/ros2_control_demos/install/ros2_control_demos/share/ros2_control_demos/local_setup.zsh
[7.380s] -- Up-to-date symlink: /root/ros2_ws/src/ros2_control_demos/install/ros2_control_demos/share/ros2_control_demos/local_setup.dsv
[7.381s] -- Symlinking: /root/ros2_ws/src/ros2_control_demos/install/ros2_control_demos/share/ros2_control_demos/package.dsv
[7.479s] -- Up-to-date symlink: /root/ros2_ws/src/ros2_control_demos/install/ros2_control_demos/share/ament_index/resource_index/packages/ros2_control_demos
[7.480s] -- Up-to-date symlink: /root/ros2_ws/src/ros2_control_demos/install/ros2_control_demos/share/ros2_control_demos/cmake/ros2_control_demosConfig.cmake
[7.482s] -- Up-to-date symlink: /root/ros2_ws/src/ros2_control_demos/install/ros2_control_demos/share/ros2_control_demos/cmake/ros2_control_demosConfig-version.cmake
[7.486s] -- Up-to-date symlink: /root/ros2_ws/src/ros2_control_demos/install/ros2_control_demos/share/ros2_control_demos/package.xml
[7.497s] Invoked command in '/root/ros2_ws/src/ros2_control_demos/build/ros2_control_demos' returned '0': AMENT_PREFIX_PATH=/root/ros2_ws/src/ros2_control_demos/install/ros2_control_demo_example_7:/root/ros2_ws/src/ros2_control_demos/install/ros2_control_demo_description:${AMENT_PREFIX_PATH} CMAKE_PREFIX_PATH=/root/ros2_ws/src/ros2_control_demos/install/ros2_control_demo_example_7:/root/ros2_ws/src/ros2_control_demos/install/ros2_control_demo_description:/opt/ros/jazzy/opt/gz_sim_vendor:/opt/ros/jazzy/opt/gz_sensors_vendor:/opt/ros/jazzy/opt/gz_physics_vendor:/opt/ros/jazzy/opt/sdformat_vendor:/opt/ros/jazzy/opt/gz_gui_vendor:/opt/ros/jazzy/opt/gz_transport_vendor:/opt/ros/jazzy/opt/gz_rendering_vendor:/opt/ros/jazzy/opt/gz_plugin_vendor:/opt/ros/jazzy/opt/gz_fuel_tools_vendor:/opt/ros/jazzy/opt/gz_msgs_vendor:/opt/ros/jazzy/opt/gz_common_vendor:/opt/ros/jazzy/opt/gz_math_vendor:/opt/ros/jazzy/opt/gz_utils_vendor:/opt/ros/jazzy/opt/gz_tools_vendor:/opt/ros/jazzy/opt/gz_ogre_next_vendor:/opt/ros/jazzy/opt/gz_dartsim_vendor:/opt/ros/jazzy/opt/gz_cmake_vendor:/opt/ros/jazzy LD_LIBRARY_PATH=/root/ros2_ws/src/ros2_control_demos/install/ros2_control_demo_example_7/lib:${LD_LIBRARY_PATH} /usr/bin/cmake --install /root/ros2_ws/src/ros2_control_demos/build/ros2_control_demos
